myenv\Scripts\python.e
xe : Creating test 
database for alias 
'default'...
At line:1 char:1
+ myenv\Scripts\python
.exe manage.py test 
laws > 
test_output.txt 2>&1
+ ~~~~~~~~~~~~~~~~~~~~
~~~~~~~~~~~~~~~~~~~~~~
~~~~~~~~~~~~~~~~~~~~~~
~~~
    + CategoryInfo    
          : NotSpeci  
  fied: (Creating t   
 est d...as 'defau    
lt'...:String) []    
, RemoteException
    + FullyQualifiedE 
   rrorId : NativeCo  
  mmandError
 

E
======================
======================
======================
====
ERROR: 
test_law_detail_view (
laws.tests.LawDetailVi
ewTest.test_law_detail
_view)
----------------------
----------------------
----------------------
----
Traceback (most 
recent call last):
  File "C:\Users\lorea
\ekitilaw\myenv\Lib\si
te-packages\django\tem
plate\base.py", line 
510, in parse
    compile_func = 
self.tags[command]
                   
~~~~~~~~~^^^^^^^^^
KeyError: 'endfor'

During handling of 
the above exception, 
another exception 
occurred:

Traceback (most 
recent call last):
  File "C:\Users\lorea
\ekitilaw\laws\tests.p
y", line 15, in 
test_law_detail_view
    response = 
self.client.get(url)
  File "C:\Users\lorea
\ekitilaw\myenv\Lib\si
te-packages\django\tes
t\client.py", line 
1124, in get
    response = 
super().get(
        path,
    ...<4 lines>...
        **extra,
    )
  File "C:\Users\lorea
\ekitilaw\myenv\Lib\si
te-packages\django\tes
t\client.py", line 
475, in get
    return 
self.generic(
           
~~~~~~~~~~~~^
        "GET",
        ^^^^^^
    ...<4 lines>...
        **extra,
        ^^^^^^^^
    )
    ^
  File "C:\Users\lorea
\ekitilaw\myenv\Lib\si
te-packages\django\tes
t\client.py", line 
671, in generic
    return 
self.request(**r)
           
~~~~~~~~~~~~^^^^^
  File "C:\Users\lorea
\ekitilaw\myenv\Lib\si
te-packages\django\tes
t\client.py", line 
1087, in request
    self.check_excepti
on(response)
    ~~~~~~~~~~~~~~~~~~
~~^^^^^^^^^^
  File "C:\Users\lorea
\ekitilaw\myenv\Lib\si
te-packages\django\tes
t\client.py", line 
802, in 
check_exception
    raise exc_value
  File "C:\Users\lorea
\ekitilaw\myenv\Lib\si
te-packages\django\cor
e\handlers\exception.p
y", line 55, in inner
    response = 
get_response(request)
  File "C:\Users\lorea
\ekitilaw\myenv\Lib\si
te-packages\django\cor
e\handlers\base.py", 
line 197, in 
_get_response
    response = wrapped
_callback(request, 
*callback_args, 
**callback_kwargs)
  File "C:\Users\lorea
\ekitilaw\laws\views.p
y", line 91, in 
law_detail
    return 
render(request, 'laws/
law_detail.html', 
context)
  File "C:\Users\lorea
\ekitilaw\myenv\Lib\si
te-packages\django\sho
rtcuts.py", line 25, 
in render
    content = loader.r
ender_to_string(templa
te_name, context, 
request, using=using)
  File "C:\Users\lorea
\ekitilaw\myenv\Lib\si
te-packages\django\tem
plate\loader.py", 
line 61, in 
render_to_string
    template = get_tem
plate(template_name, 
using=using)
  File "C:\Users\lorea
\ekitilaw\myenv\Lib\si
te-packages\django\tem
plate\loader.py", 
line 15, in 
get_template
    return engine.get_
template(template_name
)
           ~~~~~~~~~~~
~~~~~~~~^^^^^^^^^^^^^^
^
  File "C:\Users\lorea
\ekitilaw\myenv\Lib\si
te-packages\django\tem
plate\backends\django.
py", line 79, in 
get_template
    return Template(se
lf.engine.get_template
(template_name), self)
                    ~~
~~~~~~~~~~~~~~~~~~~~~~
^^^^^^^^^^^^^^^
  File "C:\Users\lorea
\ekitilaw\myenv\Lib\si
te-packages\django\tem
plate\engine.py", 
line 177, in 
get_template
    template, origin 
= self.find_template(t
emplate_name)
                      
 ~~~~~~~~~~~~~~~~~~^^^
^^^^^^^^^^^^
  File "C:\Users\lorea
\ekitilaw\myenv\Lib\si
te-packages\django\tem
plate\engine.py", 
line 159, in 
find_template
    template = loader.
get_template(name, 
skip=skip)
  File "C:\Users\lorea
\ekitilaw\myenv\Lib\si
te-packages\django\tem
plate\loaders\cached.p
y", line 57, in 
get_template
    template = super()
.get_template(template
_name, skip)
  File "C:\Users\lorea
\ekitilaw\myenv\Lib\si
te-packages\django\tem
plate\loaders\base.py"
, line 28, in 
get_template
    return Template(
        contents,
    ...<2 lines>...
        self.engine,
    )
  File "C:\Users\lorea
\ekitilaw\myenv\Lib\si
te-packages\django\tem
plate\base.py", line 
154, in __init__
    self.nodelist = se
lf.compile_nodelist()
                    ~~
~~~~~~~~~~~~~~~~~~~^^
  File "C:\Users\lorea
\ekitilaw\myenv\Lib\si
te-packages\django\tem
plate\base.py", line 
196, in 
compile_nodelist
    nodelist = 
parser.parse()
  File "C:\Users\lorea
\ekitilaw\myenv\Lib\si
te-packages\django\tem
plate\base.py", line 
518, in parse
    raise 
self.error(token, e)
  File "C:\Users\lorea
\ekitilaw\myenv\Lib\si
te-packages\django\tem
plate\base.py", line 
516, in parse
    compiled_result = 
compile_func(self, 
token)
  File "C:\Users\lorea
\ekitilaw\myenv\Lib\si
te-packages\django\tem
plate\loader_tags.py",
 line 299, in 
do_extends
    nodelist = 
parser.parse()
  File "C:\Users\lorea
\ekitilaw\myenv\Lib\si
te-packages\django\tem
plate\base.py", line 
518, in parse
    raise 
self.error(token, e)
  File "C:\Users\lorea
\ekitilaw\myenv\Lib\si
te-packages\django\tem
plate\base.py", line 
516, in parse
    compiled_result = 
compile_func(self, 
token)
  File "C:\Users\lorea
\ekitilaw\myenv\Lib\si
te-packages\django\tem
plate\loader_tags.py",
 line 234, in do_block
    nodelist = parser.
parse(("endblock",))
  File "C:\Users\lorea
\ekitilaw\myenv\Lib\si
te-packages\django\tem
plate\base.py", line 
512, in parse
    self.invalid_block
_tag(token, command, 
parse_until)
    ~~~~~~~~~~~~~~~~~~
~~~~^^^^^^^^^^^^^^^^^^
^^^^^^^^^^^
  File "C:\Users\lorea
\ekitilaw\myenv\Lib\si
te-packages\django\tem
plate\base.py", line 
567, in 
invalid_block_tag
    raise self.error(
    ...<8 lines>...
    )
django.template.except
ions.TemplateSyntaxErr
or: Invalid block tag 
on line 119: 
'endfor', expected 
'endblock'. Did you 
forget to register or 
load this tag?

----------------------
----------------------
----------------------
----
Ran 1 test in 0.117s

FAILED (errors=1)
Destroying test 
database for alias 
'default'...

Found 1 test(s).
System check identified no issues (0 silenced).
